2026-03-31 23:12:17,912 - ERROR - [POST /auth/signup] HTTP error for email=testing@gmail.com
Traceback (most recent call last):
  File "/Users/amaltomjose/Documents/python-notesApp/app/auth/auth.py", line 22, in signup
    raise HTTPException(status_code=400, detail="Email already registered")
fastapi.exceptions.HTTPException: 400: Email already registered
2026-03-31 23:13:02,430 - ERROR - [POST /auth/login] HTTP error for email=testingsdfn@gmail.com
Traceback (most recent call last):
  File "/Users/amaltomjose/Documents/python-notesApp/app/auth/auth.py", line 46, in login
    raise HTTPException(status_code=401, detail="Invalid credentials")
fastapi.exceptions.HTTPException: 401: Invalid credentials
2026-03-31 23:13:03,411 - ERROR - [POST /auth/login] HTTP error for email=testingsdfn@gmail.com
Traceback (most recent call last):
  File "/Users/amaltomjose/Documents/python-notesApp/app/auth/auth.py", line 46, in login
    raise HTTPException(status_code=401, detail="Invalid credentials")
fastapi.exceptions.HTTPException: 401: Invalid credentials
2026-04-02 20:15:48,978 - ERROR - [POST /auth/login] HTTP error for email=testing@gmail.com
Traceback (most recent call last):
  File "/Users/amaltomjose/Documents/python-notesApp/app/auth/auth.py", line 46, in login
    raise HTTPException(status_code=401, detail="Invalid credentials")
fastapi.exceptions.HTTPException: 401: Invalid credentials
2026-04-02 21:37:44,430 - ERROR - [POST /auth/login] Unexpected error for email=testing@gmail.com
Traceback (most recent call last):
  File "/Users/amaltomjose/Documents/python-notesApp/venv/lib/python3.14/site-packages/sqlalchemy/orm/clsregistry.py", line 516, in _resolve_name
    rval = d[token]
           ~^^^^^^^
  File "/Users/amaltomjose/Documents/python-notesApp/venv/lib/python3.14/site-packages/sqlalchemy/util/_collections.py", line 340, in __missing__
    self[key] = val = self.creator(key)
                      ~~~~~~~~~~~~^^^^^
  File "/Users/amaltomjose/Documents/python-notesApp/venv/lib/python3.14/site-packages/sqlalchemy/orm/clsregistry.py", line 484, in _access_cls
    return self.fallback[key]
           ~~~~~~~~~~~~~^^^^^
KeyError: 'Favorite'

The above exception was the direct cause of the following exception:

Traceback (most recent call last):
  File "/Users/amaltomjose/Documents/python-notesApp/app/auth/auth.py", line 44, in login
    user = db.query(User).filter(User.email == form_data.username).first()
           ~~~~~~~~^^^^^^
  File "/Users/amaltomjose/Documents/python-notesApp/venv/lib/python3.14/site-packages/sqlalchemy/orm/session.py", line 2941, in query
    return self._query_cls(entities, self, **kwargs)
           ~~~~~~~~~~~~~~~^^^^^^^^^^^^^^^^^^^^^^^^^^
  File "/Users/amaltomjose/Documents/python-notesApp/venv/lib/python3.14/site-packages/sqlalchemy/orm/query.py", line 276, in __init__
    self._set_entities(entities)
    ~~~~~~~~~~~~~~~~~~^^^^^^^^^^
  File "/Users/amaltomjose/Documents/python-notesApp/venv/lib/python3.14/site-packages/sqlalchemy/orm/query.py", line 289, in _set_entities
    coercions.expect(
    ~~~~~~~~~~~~~~~~^
        roles.ColumnsClauseRole,
        ^^^^^^^^^^^^^^^^^^^^^^^^
    ...<2 lines>...
        post_inspect=True,
        ^^^^^^^^^^^^^^^^^^
    )
    ^
  File "/Users/amaltomjose/Documents/python-notesApp/venv/lib/python3.14/site-packages/sqlalchemy/sql/coercions.py", line 389, in expect
    insp._post_inspect
  File "/Users/amaltomjose/Documents/python-notesApp/venv/lib/python3.14/site-packages/sqlalchemy/util/langhelpers.py", line 1235, in __get__
    obj.__dict__[self.__name__] = result = self.fget(obj)
                                           ~~~~~~~~~^^^^^
  File "/Users/amaltomjose/Documents/python-notesApp/venv/lib/python3.14/site-packages/sqlalchemy/orm/mapper.py", line 2733, in _post_inspect
    self._check_configure()
    ~~~~~~~~~~~~~~~~~~~~~^^
  File "/Users/amaltomjose/Documents/python-notesApp/venv/lib/python3.14/site-packages/sqlalchemy/orm/mapper.py", line 2410, in _check_configure
    _configure_registries({self.registry}, cascade=True)
    ~~~~~~~~~~~~~~~~~~~~~^^^^^^^^^^^^^^^^^^^^^^^^^^^^^^^
  File "/Users/amaltomjose/Documents/python-notesApp/venv/lib/python3.14/site-packages/sqlalchemy/orm/mapper.py", line 4227, in _configure_registries
    _do_configure_registries(registries, cascade)
    ~~~~~~~~~~~~~~~~~~~~~~~~^^^^^^^^^^^^^^^^^^^^^
  File "/Users/amaltomjose/Documents/python-notesApp/venv/lib/python3.14/site-packages/sqlalchemy/orm/mapper.py", line 4268, in _do_configure_registries
    mapper._post_configure_properties()
    ~~~~~~~~~~~~~~~~~~~~~~~~~~~~~~~~~^^
  File "/Users/amaltomjose/Documents/python-notesApp/venv/lib/python3.14/site-packages/sqlalchemy/orm/mapper.py", line 2427, in _post_configure_properties
    prop.init()
    ~~~~~~~~~^^
  File "/Users/amaltomjose/Documents/python-notesApp/venv/lib/python3.14/site-packages/sqlalchemy/orm/interfaces.py", line 595, in init
    self.do_init()
    ~~~~~~~~~~~~^^
  File "/Users/amaltomjose/Documents/python-notesApp/venv/lib/python3.14/site-packages/sqlalchemy/orm/relationships.py", line 1655, in do_init
    self._setup_entity()
    ~~~~~~~~~~~~~~~~~~^^
  File "/Users/amaltomjose/Documents/python-notesApp/venv/lib/python3.14/site-packages/sqlalchemy/orm/relationships.py", line 1865, in _setup_entity
    self._clsregistry_resolve_name(argument)(),
    ~~~~~~~~~~~~~~~~~~~~~~~~~~~~~~~~~~~~~~~~^^
  File "/Users/amaltomjose/Documents/python-notesApp/venv/lib/python3.14/site-packages/sqlalchemy/orm/clsregistry.py", line 520, in _resolve_name
    self._raise_for_name(name, err)
    ~~~~~~~~~~~~~~~~~~~~^^^^^^^^^^^
  File "/Users/amaltomjose/Documents/python-notesApp/venv/lib/python3.14/site-packages/sqlalchemy/orm/clsregistry.py", line 501, in _raise_for_name
    raise exc.InvalidRequestError(
    ...<5 lines>...
    ) from err
sqlalchemy.exc.InvalidRequestError: When initializing mapper Mapper[User(users)], expression 'Favorite' failed to locate a name ('Favorite'). If this is a class name, consider adding this relationship() to the <class 'app.models.user.User'> class after both dependent classes have been defined.
2026-04-02 21:37:52,571 - ERROR - [POST /auth/login] Unexpected error for email=testing@gmail.com
Traceback (most recent call last):
  File "/Users/amaltomjose/Documents/python-notesApp/app/auth/auth.py", line 44, in login
    user = db.query(User).filter(User.email == form_data.username).first()
           ~~~~~~~~^^^^^^
  File "/Users/amaltomjose/Documents/python-notesApp/venv/lib/python3.14/site-packages/sqlalchemy/orm/session.py", line 2941, in query
    return self._query_cls(entities, self, **kwargs)
           ~~~~~~~~~~~~~~~^^^^^^^^^^^^^^^^^^^^^^^^^^
  File "/Users/amaltomjose/Documents/python-notesApp/venv/lib/python3.14/site-packages/sqlalchemy/orm/query.py", line 276, in __init__
    self._set_entities(entities)
    ~~~~~~~~~~~~~~~~~~^^^^^^^^^^
  File "/Users/amaltomjose/Documents/python-notesApp/venv/lib/python3.14/site-packages/sqlalchemy/orm/query.py", line 289, in _set_entities
    coercions.expect(
    ~~~~~~~~~~~~~~~~^
        roles.ColumnsClauseRole,
        ^^^^^^^^^^^^^^^^^^^^^^^^
    ...<2 lines>...
        post_inspect=True,
        ^^^^^^^^^^^^^^^^^^
    )
    ^
  File "/Users/amaltomjose/Documents/python-notesApp/venv/lib/python3.14/site-packages/sqlalchemy/sql/coercions.py", line 389, in expect
    insp._post_inspect
  File "/Users/amaltomjose/Documents/python-notesApp/venv/lib/python3.14/site-packages/sqlalchemy/util/langhelpers.py", line 1235, in __get__
    obj.__dict__[self.__name__] = result = self.fget(obj)
                                           ~~~~~~~~~^^^^^
  File "/Users/amaltomjose/Documents/python-notesApp/venv/lib/python3.14/site-packages/sqlalchemy/orm/mapper.py", line 2733, in _post_inspect
    self._check_configure()
    ~~~~~~~~~~~~~~~~~~~~~^^
  File "/Users/amaltomjose/Documents/python-notesApp/venv/lib/python3.14/site-packages/sqlalchemy/orm/mapper.py", line 2410, in _check_configure
    _configure_registries({self.registry}, cascade=True)
    ~~~~~~~~~~~~~~~~~~~~~^^^^^^^^^^^^^^^^^^^^^^^^^^^^^^^
  File "/Users/amaltomjose/Documents/python-notesApp/venv/lib/python3.14/site-packages/sqlalchemy/orm/mapper.py", line 4227, in _configure_registries
    _do_configure_registries(registries, cascade)
    ~~~~~~~~~~~~~~~~~~~~~~~~^^^^^^^^^^^^^^^^^^^^^
  File "/Users/amaltomjose/Documents/python-notesApp/venv/lib/python3.14/site-packages/sqlalchemy/orm/mapper.py", line 4264, in _do_configure_registries
    raise e
sqlalchemy.exc.InvalidRequestError: One or more mappers failed to initialize - can't proceed with initialization of other mappers. Triggering mapper: 'Mapper[User(users)]'. Original exception was: When initializing mapper Mapper[User(users)], expression 'Favorite' failed to locate a name ('Favorite'). If this is a class name, consider adding this relationship() to the <class 'app.models.user.User'> class after both dependent classes have been defined.
2026-04-02 21:39:21,030 - ERROR - [POST /auth/login] Unexpected error for email=testing@gmail.com
Traceback (most recent call last):
  File "/Users/amaltomjose/Documents/python-notesApp/app/auth/auth.py", line 44, in login
    user = db.query(User).filter(User.email == form_data.username).first()
           ~~~~~~~~^^^^^^
  File "/Users/amaltomjose/Documents/python-notesApp/venv/lib/python3.14/site-packages/sqlalchemy/orm/session.py", line 2941, in query
    return self._query_cls(entities, self, **kwargs)
           ~~~~~~~~~~~~~~~^^^^^^^^^^^^^^^^^^^^^^^^^^
  File "/Users/amaltomjose/Documents/python-notesApp/venv/lib/python3.14/site-packages/sqlalchemy/orm/query.py", line 276, in __init__
    self._set_entities(entities)
    ~~~~~~~~~~~~~~~~~~^^^^^^^^^^
  File "/Users/amaltomjose/Documents/python-notesApp/venv/lib/python3.14/site-packages/sqlalchemy/orm/query.py", line 289, in _set_entities
    coercions.expect(
    ~~~~~~~~~~~~~~~~^
        roles.ColumnsClauseRole,
        ^^^^^^^^^^^^^^^^^^^^^^^^
    ...<2 lines>...
        post_inspect=True,
        ^^^^^^^^^^^^^^^^^^
    )
    ^
  File "/Users/amaltomjose/Documents/python-notesApp/venv/lib/python3.14/site-packages/sqlalchemy/sql/coercions.py", line 389, in expect
    insp._post_inspect
  File "/Users/amaltomjose/Documents/python-notesApp/venv/lib/python3.14/site-packages/sqlalchemy/util/langhelpers.py", line 1235, in __get__
    obj.__dict__[self.__name__] = result = self.fget(obj)
                                           ~~~~~~~~~^^^^^
  File "/Users/amaltomjose/Documents/python-notesApp/venv/lib/python3.14/site-packages/sqlalchemy/orm/mapper.py", line 2733, in _post_inspect
    self._check_configure()
    ~~~~~~~~~~~~~~~~~~~~~^^
  File "/Users/amaltomjose/Documents/python-notesApp/venv/lib/python3.14/site-packages/sqlalchemy/orm/mapper.py", line 2410, in _check_configure
    _configure_registries({self.registry}, cascade=True)
    ~~~~~~~~~~~~~~~~~~~~~^^^^^^^^^^^^^^^^^^^^^^^^^^^^^^^
  File "/Users/amaltomjose/Documents/python-notesApp/venv/lib/python3.14/site-packages/sqlalchemy/orm/mapper.py", line 4227, in _configure_registries
    _do_configure_registries(registries, cascade)
    ~~~~~~~~~~~~~~~~~~~~~~~~^^^^^^^^^^^^^^^^^^^^^
  File "/Users/amaltomjose/Documents/python-notesApp/venv/lib/python3.14/site-packages/sqlalchemy/orm/mapper.py", line 4264, in _do_configure_registries
    raise e
sqlalchemy.exc.InvalidRequestError: One or more mappers failed to initialize - can't proceed with initialization of other mappers. Triggering mapper: 'Mapper[User(users)]'. Original exception was: When initializing mapper Mapper[User(users)], expression 'Favorite' failed to locate a name ('Favorite'). If this is a class name, consider adding this relationship() to the <class 'app.models.user.User'> class after both dependent classes have been defined.
